// Jest Snapshot v1, https://goo.gl/fbAQLP

exports[`TriviaActionConsts should have to Match Snapshot 1`] = `
Object {
  "GET_TRIVIA_QUESTIONS_FAILURE": "GET_TRIVIA_QUESTIONS_FAILURE",
  "GET_TRIVIA_QUESTIONS_FETCHING": "GET_TRIVIA_QUESTIONS_FETCHING",
  "GET_TRIVIA_QUESTIONS_SUCCESS": "GET_TRIVIA_QUESTIONS_SUCCESS",
  "TRIVIA_QUESTIONS_RESET": "TRIVIA_QUESTIONS_RESET",
}
`;
